Last login: Thu May  3 18:26:39 on ttys000
david:~ david$ mysql -u root -p
Enter password: 
Welcome to the MySQL monitor.  Commands end with ; or \g.
Your MySQL connection id is 11
Server version: 5.7.21 MySQL Community Server (GPL)

Copyright (c) 2000, 2018, Oracle and/or its affiliates. All rights reserved.

Oracle is a registered trademark of Oracle Corporation and/or its
affiliates. Other names may be trademarks of their respective
owners.

Type 'help;' or '\h' for help. Type '\c' to clear the current input statement.

mysql> #复习;
mysql> SHOW DATABASES;
+--------------------+
| Database           |
+--------------------+
| information_schema |
| crashcourse        |
| mysql              |
| performance_schema |
| sys                |
+--------------------+
5 rows in set (0.03 sec)

mysql> USE crashcourse;
Reading table information for completion of table and column names
You can turn off this feature to get a quicker startup with -A

Database changed
mysql> SHOW TABLES;
+-----------------------+
| Tables_in_crashcourse |
+-----------------------+
| customers             |
| orderitems            |
| orders                |
| productnotes          |
| products              |
| vendors               |
+-----------------------+
6 rows in set (0.00 sec)

mysql> SHOW COLUMNS FROM products;
+------------+--------------+------+-----+---------+-------+
| Field      | Type         | Null | Key | Default | Extra |
+------------+--------------+------+-----+---------+-------+
| prod_id    | char(10)     | NO   | PRI | NULL    |       |
| vend_id    | int(11)      | NO   | MUL | NULL    |       |
| prod_name  | char(255)    | NO   |     | NULL    |       |
| prod_price | decimal(8,2) | NO   |     | NULL    |       |
| prod_desc  | text         | YES  |     | NULL    |       |
+------------+--------------+------+-----+---------+-------+
5 rows in set (0.02 sec)

mysql> DESCRIBE products;
+------------+--------------+------+-----+---------+-------+
| Field      | Type         | Null | Key | Default | Extra |
+------------+--------------+------+-----+---------+-------+
| prod_id    | char(10)     | NO   | PRI | NULL    |       |
| vend_id    | int(11)      | NO   | MUL | NULL    |       |
| prod_name  | char(255)    | NO   |     | NULL    |       |
| prod_price | decimal(8,2) | NO   |     | NULL    |       |
| prod_desc  | text         | YES  |     | NULL    |       |
+------------+--------------+------+-----+---------+-------+
5 rows in set (0.00 sec)

mysql> SELECT prod_name
    -> FROM porducts
    -> ORDER BY prod_name;
ERROR 1146 (42S02): Table 'crashcourse.porducts' doesn't exist
mysql> SELECT prod_name FROM products ORDER BY prod_name;
+----------------+
| prod_name      |
+----------------+
| .5 ton anvil   |
| 1 ton anvil    |
| 2 ton anvil    |
| Bird seed      |
| Carrots        |
| Detonator      |
| Fuses          |
| JetPack 1000   |
| JetPack 2000   |
| Oil can        |
| Safe           |
| Sling          |
| TNT (1 stick)  |
| TNT (5 sticks) |
+----------------+
14 rows in set (0.01 sec)

mysql> SELECT prod_id,prod_price,prod_name
    -> FROM products
    -> ORDER BY prod_pric,prod_name;
ERROR 1054 (42S22): Unknown column 'prod_pric' in 'order clause'
mysql> SELECT prod_id,prod_price,prod_name FROM products ORDER BY prod_price,prod_name;
+---------+------------+----------------+
| prod_id | prod_price | prod_name      |
+---------+------------+----------------+
| FC      |       2.50 | Carrots        |
| TNT1    |       2.50 | TNT (1 stick)  |
| FU1     |       3.42 | Fuses          |
| SLING   |       4.49 | Sling          |
| ANV01   |       5.99 | .5 ton anvil   |
| OL1     |       8.99 | Oil can        |
| ANV02   |       9.99 | 1 ton anvil    |
| FB      |      10.00 | Bird seed      |
| TNT2    |      10.00 | TNT (5 sticks) |
| DTNTR   |      13.00 | Detonator      |
| ANV03   |      14.99 | 2 ton anvil    |
| JP1000  |      35.00 | JetPack 1000   |
| SAFE    |      50.00 | Safe           |
| JP2000  |      55.00 | JetPack 2000   |
+---------+------------+----------------+
14 rows in set (0.00 sec)

mysql> #test1;
mysql> SELECT prod_price
    -> FROM products
    -> ORDER BY prod_name;
+------------+
| prod_price |
+------------+
|       5.99 |
|       9.99 |
|      14.99 |
|      10.00 |
|       2.50 |
|      13.00 |
|       3.42 |
|      35.00 |
|      55.00 |
|       8.99 |
|      50.00 |
|       4.49 |
|       2.50 |
|      10.00 |
+------------+
14 rows in set (0.01 sec)

mysql> #指定排序方向;
mysql> SELECT * 
    -> FROM product;
ERROR 1146 (42S02): Table 'crashcourse.product' doesn't exist
mysql> SELECT *  FROM products;
+---------+---------+----------------+------------+----------------------------------------------------------------+
| prod_id | vend_id | prod_name      | prod_price | prod_desc                                                      |
+---------+---------+----------------+------------+----------------------------------------------------------------+
| ANV01   |    1001 | .5 ton anvil   |       5.99 | .5 ton anvil, black, complete with handy hook                  |
| ANV02   |    1001 | 1 ton anvil    |       9.99 | 1 ton anvil, black, complete with handy hook and carrying case |
| ANV03   |    1001 | 2 ton anvil    |      14.99 | 2 ton anvil, black, complete with handy hook and carrying case |
| DTNTR   |    1003 | Detonator      |      13.00 | Detonator (plunger powered), fuses not included                |
| FB      |    1003 | Bird seed      |      10.00 | Large bag (suitable for road runners)                          |
| FC      |    1003 | Carrots        |       2.50 | Carrots (rabbit hunting season only)                           |
| FU1     |    1002 | Fuses          |       3.42 | 1 dozen, extra long                                            |
| JP1000  |    1005 | JetPack 1000   |      35.00 | JetPack 1000, intended for single use                          |
| JP2000  |    1005 | JetPack 2000   |      55.00 | JetPack 2000, multi-use                                        |
| OL1     |    1002 | Oil can        |       8.99 | Oil can, red                                                   |
| SAFE    |    1003 | Safe           |      50.00 | Safe with combination lock                                     |
| SLING   |    1003 | Sling          |       4.49 | Sling, one size fits all                                       |
| TNT1    |    1003 | TNT (1 stick)  |       2.50 | TNT, red, single stick                                         |
| TNT2    |    1003 | TNT (5 sticks) |      10.00 | TNT, red, pack of 10 sticks                                    |
+---------+---------+----------------+------------+----------------------------------------------------------------+
14 rows in set (0.00 sec)

mysql> mysql> 
mysql> SELECT prod_id,prod_price,prod_name
    -> FROM products
    -> ORDER BY prod_price DESC;
+---------+------------+----------------+
| prod_id | prod_price | prod_name      |
+---------+------------+----------------+
| JP2000  |      55.00 | JetPack 2000   |
| SAFE    |      50.00 | Safe           |
| JP1000  |      35.00 | JetPack 1000   |
| ANV03   |      14.99 | 2 ton anvil    |
| DTNTR   |      13.00 | Detonator      |
| FB      |      10.00 | Bird seed      |
| TNT2    |      10.00 | TNT (5 sticks) |
| ANV02   |       9.99 | 1 ton anvil    |
| OL1     |       8.99 | Oil can        |
| ANV01   |       5.99 | .5 ton anvil   |
| SLING   |       4.49 | Sling          |
| FU1     |       3.42 | Fuses          |
| FC      |       2.50 | Carrots        |
| TNT1    |       2.50 | TNT (1 stick)  |
+---------+------------+----------------+
14 rows in set (0.00 sec)

mysql> SELECT prod_id,prod_price,prod_name
    -> FROM products
    -> ORDER BY prod_price DESC,prod_name;
+---------+------------+----------------+
| prod_id | prod_price | prod_name      |
+---------+------------+----------------+
| JP2000  |      55.00 | JetPack 2000   |
| SAFE    |      50.00 | Safe           |
| JP1000  |      35.00 | JetPack 1000   |
| ANV03   |      14.99 | 2 ton anvil    |
| DTNTR   |      13.00 | Detonator      |
| FB      |      10.00 | Bird seed      |
| TNT2    |      10.00 | TNT (5 sticks) |
| ANV02   |       9.99 | 1 ton anvil    |
| OL1     |       8.99 | Oil can        |
| ANV01   |       5.99 | .5 ton anvil   |
| SLING   |       4.49 | Sling          |
| FU1     |       3.42 | Fuses          |
| FC      |       2.50 | Carrots        |
| TNT1    |       2.50 | TNT (1 stick)  |
+---------+------------+----------------+
14 rows in set (0.00 sec)

mysql> SELECT prod_price
    -> FROM products
    -> ORDER BY prod_price DESC
    -> LIMIT 1;
+------------+
| prod_price |
+------------+
|      55.00 |
+------------+
1 row in set (0.00 sec)

mysql> #Chapter 6;
mysql> # WhERE;
mysql> SELECT prod_name,prod_price
    -> FROM products
    -> WHERE prod_price = 2.50;
+---------------+------------+
| prod_name     | prod_price |
+---------------+------------+
| Carrots       |       2.50 |
| TNT (1 stick) |       2.50 |
+---------------+------------+
2 rows in set (0.00 sec)

mysql> # ORDER BY 应该位于 WHERE 后;
mysql> #检查单个值;
mysql> SELECT prod_name,prod_price
    -> FROM products
    -> WHERE prod_name='fuses';
+-----------+------------+
| prod_name | prod_price |
+-----------+------------+
| Fuses     |       3.42 |
+-----------+------------+
1 row in set (0.00 sec)

mysql> SELECT prod_name,prod_price
    -> FROM products
    -> WHERE prod_name = 'fuses';
+-----------+------------+
| prod_name | prod_price |
+-----------+------------+
| Fuses     |       3.42 |
+-----------+------------+
1 row in set (0.05 sec)

mysql> SELECT prod_name,prod_price
    -> FROM products
    -> WHERE prod_name < 10;
+----------------+------------+
| prod_name      | prod_price |
+----------------+------------+
| .5 ton anvil   |       5.99 |
| 1 ton anvil    |       9.99 |
| 2 ton anvil    |      14.99 |
| Detonator      |      13.00 |
| Bird seed      |      10.00 |
| Carrots        |       2.50 |
| Fuses          |       3.42 |
| JetPack 1000   |      35.00 |
| JetPack 2000   |      55.00 |
| Oil can        |       8.99 |
| Safe           |      50.00 |
| Sling          |       4.49 |
| TNT (1 stick)  |       2.50 |
| TNT (5 sticks) |      10.00 |
+----------------+------------+
14 rows in set, 14 warnings (0.00 sec)

mysql> SELECT prod_name,prod_price FROM products WHERE prod_price < 10;
+---------------+------------+
| prod_name     | prod_price |
+---------------+------------+
| .5 ton anvil  |       5.99 |
| 1 ton anvil   |       9.99 |
| Carrots       |       2.50 |
| Fuses         |       3.42 |
| Oil can       |       8.99 |
| Sling         |       4.49 |
| TNT (1 stick) |       2.50 |
+---------------+------------+
7 rows in set (0.00 sec)

mysql> SELECT prod_name,prod_price FROM products WHERE prod_price <= 10;
+----------------+------------+
| prod_name      | prod_price |
+----------------+------------+
| .5 ton anvil   |       5.99 |
| 1 ton anvil    |       9.99 |
| Bird seed      |      10.00 |
| Carrots        |       2.50 |
| Fuses          |       3.42 |
| Oil can        |       8.99 |
| Sling          |       4.49 |
| TNT (1 stick)  |       2.50 |
| TNT (5 sticks) |      10.00 |
+----------------+------------+
9 rows in set (0.00 sec)

mysql> SELECT vend_id,prod_name
    -> FROM products
    -> WHERE vend_id <> 1003;
+---------+--------------+
| vend_id | prod_name    |
+---------+--------------+
|    1001 | .5 ton anvil |
|    1001 | 1 ton anvil  |
|    1001 | 2 ton anvil  |
|    1002 | Fuses        |
|    1005 | JetPack 1000 |
|    1005 | JetPack 2000 |
|    1002 | Oil can      |
+---------+--------------+
7 rows in set (0.01 sec)

mysql> SELECT vend_id,prod_name FROM products WHERE vend_id != 1003;
+---------+--------------+
| vend_id | prod_name    |
+---------+--------------+
|    1001 | .5 ton anvil |
|    1001 | 1 ton anvil  |
|    1001 | 2 ton anvil  |
|    1002 | Fuses        |
|    1005 | JetPack 1000 |
|    1005 | JetPack 2000 |
|    1002 | Oil can      |
+---------+--------------+
7 rows in set (0.00 sec)

mysql> SELECT prod_name,prod_price
    -> FROM products
    -> WHERE prod_price BETWEEN 5 AND 10;
+----------------+------------+
| prod_name      | prod_price |
+----------------+------------+
| .5 ton anvil   |       5.99 |
| 1 ton anvil    |       9.99 |
| Bird seed      |      10.00 |
| Oil can        |       8.99 |
| TNT (5 sticks) |      10.00 |
+----------------+------------+
5 rows in set (0.01 sec)

mysql> SELECT prod_name,prod_price
    -> FROM products
    -> WHERE prod_price>=5 AND prod_price<=10;
+----------------+------------+
| prod_name      | prod_price |
+----------------+------------+
| .5 ton anvil   |       5.99 |
| 1 ton anvil    |       9.99 |
| Bird seed      |      10.00 |
| Oil can        |       8.99 |
| TNT (5 sticks) |      10.00 |
+----------------+------------+
5 rows in set (0.01 sec)

mysql> SELECT prod_name
    -> FROM products
    -> WHERE prod_price IS NULL;
Empty set (0.00 sec)

mysql> SELECT cust_id
    -> FROM customers
    -> WHERE cust_email IS NULL;
+---------+
| cust_id |
+---------+
|   10002 |
|   10005 |
+---------+
2 rows in set (0.00 sec)

mysql> 
